[INFO] 

Dependency-Check is an open source tool performing a best effort analysis of 3rd party dependencies; false positives and false negatives may exist in the analysis performed by the tool. Use of the tool and the reporting provided constitutes acceptance for use in an AS IS condition, and there are NO warranties, implied or otherwise, with regard to the analysis or its use. Any use of the tool and the reporting provided is at the user's risk. In no event shall the copyright holder or OWASP be held liable for any damages whatsoever arising out of or in connection with the use of this tool, the analysis performed, or the resulting report.


   About ODC: https://dependency-check.github.io/DependencyCheck/general/internals.html
   False Positives: https://dependency-check.github.io/DependencyCheck/general/suppression.html


[INFO] Analysis Started
[ERROR] Exception extracting archive 'videoExploit.zip'.
[ERROR] Exception extracting archive 'arbitraryFileWrite.zip'.
[ERROR] Exception extracting archive 'passwordProtected.zip'.
[WARN] An error occurred while analyzing '/src/target/juice-shop/test/files/videoExploit.zip' (Archive Analyzer): Archive contains a file (../../frontend/dist/frontend/assets/public/videos/owasp_promo.vtt) that would be extracted outside of the target directory.
[WARN] An error occurred while analyzing '/src/target/juice-shop/test/files/passwordProtected.zip' (Archive Analyzer): java.util.zip.ZipException: encrypted ZIP entry not supported
[WARN] An error occurred while analyzing '/src/target/juice-shop/test/files/arbitraryFileWrite.zip' (Archive Analyzer): Archive contains a file (../../ftp/legal.md) that would be extracted outside of the target directory.
[INFO] Finished Archive Analyzer (0 seconds)
[INFO] Finished File Name Analyzer (0 seconds)
[INFO] Finished Assembly Analyzer (0 seconds)
[INFO] Finished Python Distribution Analyzer (0 seconds)
[INFO] Finished Python Package Analyzer (0 seconds)
[WARN] No lock file exists - this will result in false negatives; please run `npm install --package-lock`
[WARN] Analyzing `/src/target/juice-shop/package.json` - however, the node_modules directory does not exist. Please run `npm install` prior to running dependency-check
[WARN] No lock file exists - this will result in false negatives; please run `npm install --package-lock`
[WARN] Analyzing `/src/target/juice-shop/frontend/package.json` - however, the node_modules directory does not exist. Please run `npm install` prior to running dependency-check
[INFO] Finished Node Package Analyzer (0 seconds)
[WARN] An error occurred while analyzing '/src/target/juice-shop/test/files/invalidTypeForClient.exe' (PE Analyzer): java.io.EOFException: Expected to read bytes from the stream
[INFO] Finished PE Analyzer (0 seconds)
[INFO] Finished Dependency Merging Analyzer (0 seconds)
[INFO] Finished Hint Analyzer (0 seconds)
[INFO] Created CPE Index (2 seconds)
[INFO] Finished NPM CPE Analyzer (2 seconds)
[INFO] Created CPE Index (1 seconds)
[INFO] Finished CPE Analyzer (1 seconds)
[INFO] Finished False Positive Analyzer (0 seconds)
[INFO] Finished NVD CVE Analyzer (0 seconds)
[INFO] Finished RetireJS Analyzer (2 seconds)
[INFO] Finished Vulnerability Suppression Analyzer (0 seconds)
[INFO] Finished Known Exploited Vulnerability Analyzer (0 seconds)
[INFO] Finished Dependency Bundling Analyzer (0 seconds)
[INFO] Finished Unused Suppression Rule Analyzer (0 seconds)
[INFO] Analysis Complete (7 seconds)
[INFO] Writing XML report to: /report/dependency-check-report.xml
[INFO] Writing HTML report to: /report/dependency-check-report.html
[INFO] Writing JSON report to: /report/dependency-check-report.json
[INFO] Writing CSV report to: /report/dependency-check-report.csv
[INFO] Writing SARIF report to: /report/dependency-check-report.sarif
[INFO] Writing JENKINS report to: /report/dependency-check-jenkins.html
[INFO] Writing JUNIT report to: /report/dependency-check-junit.xml
[INFO] Writing GITLAB report to: /report/dependency-check-gitlab.json
[ERROR] java.util.zip.ZipException: encrypted ZIP entry not supported
[ERROR] Archive contains a file (../../frontend/dist/frontend/assets/public/videos/owasp_promo.vtt) that would be extracted outside of the target directory.
[ERROR] Archive contains a file (../../ftp/legal.md) that would be extracted outside of the target directory.
[ERROR] java.io.EOFException: Expected to read bytes from the stream
